<html>
<body>
<pre>
<h1>µVision Build Log</h1>
<h2>Project:</h2>
C:\Users\Samantha\Box\EE 445L\ValvanoWareTM4C123\lab9\ADCT0ATrigger.uvproj
Project File Date:  11/14/2018

<h2>Output:</h2>
Build target 'ADCT0ATrigger'
compiling graphics.c...
linking...
Program Size: Code=6168 RO-data=2052 RW-data=68 ZI-data=1436  
".\ADCT0ATrigger.axf" - 0 Error(s), 0 Warning(s).
Load "C:\\Users\\Samantha\\Box\\EE 445L\\ValvanoWareTM4C123\\lab9\\ADCT0ATrigger.axf" 
Connecting: Mode=JTAG, Speed=1000000Hz
Erase Done.
Programming Done.
Verify OK.
</pre>
</body>
</html>
oad "C:\\Users\\Samantha\\Box\\EE 445L\\ValvanoWareTM4C123\\lab9\\ADCT0ATrigger.axf" 
Connecting: Mode=JTAG, Speed=1000000Hz
Erase Done.
Programming Done.
Verify OK.
Load "C:\\Users\\Samantha\\Box\\EE 445L\\ValvanoWareTM4C123\\lab9\\ADCT0ATrigger.axf" 
Connecting: Mode=JTAG, Speed=1000000Hz
Erase Done.
Programming Done.
Verify OK.
1000000Hz
Erase Done.
Programming Done.
Verify OK.
