<html>
<body>
<pre>
<h1>µVision Build Log</h1>
<h2>Project:</h2>
C:\Users\logan\Documents\445L\Sample Projects\ValvanoWareTM4C123\Lab9\ADCT0ATrigger.uvproj
Project File Date:  11/12/2018

<h2>Output:</h2>
Rebuild target 'ADCT0ATrigger'
assembling startup.s...
compiling ADCT0ATrigger.c...
compiling ADCTestmain.c...
compiling PLL.c...
compiling ST7735.c...
compiling UART.c...
compiling calibrate.c...
compiling fixed.c...
compiling graphics.c...
linking...
Program Size: Code=5352 RO-data=2052 RW-data=56 ZI-data=1424  
".\ADCT0ATrigger.axf" - 0 Error(s), 0 Warning(s).
Load "C:\\Users\\logan\\Documents\\445L\\Sample Projects\\ValvanoWareTM4C123\\Lab9\\ADCT0ATrigger.axf" 
Connecting: Mode=JTAG, Speed=1000000Hz
Erase Done.
Programming Done.
Verify OK.
